// Jest Snapshot v1, https://goo.gl/fbAQLP

exports[`Footer matches the snapshot 1`] = `
<div
  className="MuiBox-root css-td4wtc"
>
  <div
    className="MuiContainer-root MuiContainer-maxWidthMd css-xdmu94-MuiContainer-root"
  >
    <div
      className="MuiGrid-root MuiGrid-container MuiGrid-spacing-xs-5 css-1ld3b9g-MuiGrid-root"
    >
      <div
        className="MuiGrid-root MuiGrid-item MuiGrid-grid-xs-12 MuiGrid-grid-sm-4 css-wg4xta-MuiGrid-root"
      >
        <h5
          className="MuiTypography-root MuiTypography-h5 font-body css-1ux20dk-MuiTypography-root"
        >
          Impostor
        </h5>
        <p
          className="MuiTypography-root MuiTypography-body1 font-body css-ahj2mt-MuiTypography-root"
        >
          Lorem ipsum dolor sit amet consectetur adipisicing elit. Accusamus veritatis debitis, reprehenderit doloremque aspernatur modi unde ut cupiditate quasi consequuntur.
        </p>
      </div>
      <div
        className="MuiGrid-root MuiGrid-item MuiGrid-grid-xs-12 MuiGrid-grid-sm-4 css-wg4xta-MuiGrid-root"
      >
        <div
          className="MuiBox-root css-vcv939"
        >
          Contributor
        </div>
        <div
          className="MuiBox-root css-0"
        >
          <p
            className="MuiTypography-root MuiTypography-body1 font-body css-1fl9go7-MuiTypography-root"
            role="paragraf"
          >
            Bogiant
          </p>
        </div>
        <div
          className="MuiBox-root css-0"
        >
          <p
            className="MuiTypography-root MuiTypography-body1 font-body css-1fl9go7-MuiTypography-root"
          >
            Fikri
          </p>
        </div>
        <div
          className="MuiBox-root css-0"
        >
          <p
            className="MuiTypography-root MuiTypography-body1 font-body css-1fl9go7-MuiTypography-root"
          >
            Hasby
          </p>
        </div>
        <div
          className="MuiBox-root css-0"
        >
          <p
            className="MuiTypography-root MuiTypography-body1 font-body css-1fl9go7-MuiTypography-root"
          >
            Oja
          </p>
        </div>
        <div
          className="MuiBox-root css-0"
        >
          <p
            className="MuiTypography-root MuiTypography-body1 font-body css-1fl9go7-MuiTypography-root"
          >
            Ulfa
          </p>
        </div>
      </div>
      <div
        className="MuiGrid-root MuiGrid-item MuiGrid-grid-xs-12 MuiGrid-grid-sm-4 css-wg4xta-MuiGrid-root"
      >
        <div
          className="MuiBox-root css-vcv939"
        >
          Sletter
        </div>
        <p
          className="MuiTypography-root MuiTypography-body1 font-body css-1fl9go7-MuiTypography-root"
        >
          Enter Email Address
        </p>
        <div
          className="MuiBox-root css-zoser8"
        >
          <div
            className="MuiFormControl-root MuiTextField-root css-136h9lv-MuiFormControl-root-MuiTextField-root"
          >
            <label
              className="MuiInputLabel-root MuiInputLabel-formControl MuiInputLabel-animated MuiInputLabel-outlined MuiFormLabel-root MuiFormLabel-colorPrimary css-14s5rfu-MuiFormLabel-root-MuiInputLabel-root"
              data-shrink={false}
              htmlFor="outlined-basic"
              id="outlined-basic-label"
            >
              Email
            </label>
            <div
              className="MuiOutlinedInput-root MuiInputBase-root MuiInputBase-colorPrimary MuiInputBase-formControl css-9ddj71-MuiInputBase-root-MuiOutlinedInput-root"
              onClick={[Function]}
            >
              <input
                aria-invalid={false}
                autoFocus={false}
                className="MuiOutlinedInput-input MuiInputBase-input css-1t8l2tu-MuiInputBase-input-MuiOutlinedInput-input"
                disabled={false}
                id="outlined-basic"
                onAnimationStart={[Function]}
                onBlur={[Function]}
                onChange={[Function]}
                onFocus={[Function]}
                required={false}
                type="text"
              />
              <fieldset
                aria-hidden={true}
                className="MuiOutlinedInput-notchedOutline css-1d3z3hw-MuiOutlinedInput-notchedOutline"
              >
                <legend
                  className="css-173wfxe"
                >
                  <span>
                    Email
                  </span>
                </legend>
              </fieldset>
            </div>
          </div>
        </div>
        <div
          className="MuiBox-root css-1v3caum"
        >
          <button
            className="MuiButton-root MuiButton-outlined MuiButton-outlinedPrimary MuiButton-sizeSmall MuiButton-outlinedSizeSmall MuiButtonBase-root font-body css-1jb5gvc-MuiButtonBase-root-MuiButton-root"
            disabled={false}
            onBlur={[Function]}
            onContextMenu={[Function]}
            onDragLeave={[Function]}
            onFocus={[Function]}
            onKeyDown={[Function]}
            onKeyUp={[Function]}
            onMouseDown={[Function]}
            onMouseLeave={[Function]}
            onMouseUp={[Function]}
            onTouchEnd={[Function]}
            onTouchMove={[Function]}
            onTouchStart={[Function]}
            tabIndex={0}
            type="button"
          >
            Subscriber
          </button>
        </div>
      </div>
    </div>
    <div
      className="font-body MuiBox-root css-1gjlakx"
    >
      Â®
      2022
       Impostor Team. All Rights Reserved
    </div>
  </div>
</div>
`;
