// Jest Snapshot v1, https://goo.gl/fbAQLP

exports[`Hero matches the snapshot 1`] = `
<div
  className="overflow-hidden"
>
  <div
    className="absolute xl:ml-[-215px] xl:mt-[-185px] xl:flex lg:ml-[-215px] lg:mt-[-185px] lg:flex md:ml-[-215px] md:mt-[-185px] md:flex sm:ml-[-215px] sm:mt-[-185px]"
  >
    <span
      style={
        Object {
          "background": "none",
          "border": 0,
          "boxSizing": "border-box",
          "display": "inline-block",
          "height": "initial",
          "margin": 0,
          "maxWidth": "100%",
          "opacity": 1,
          "overflow": "hidden",
          "padding": 0,
          "position": "relative",
          "width": "initial",
        }
      }
    >
      <span
        style={
          Object {
            "background": "none",
            "border": 0,
            "boxSizing": "border-box",
            "display": "block",
            "height": "initial",
            "margin": 0,
            "maxWidth": "100%",
            "opacity": 1,
            "padding": 0,
            "width": "initial",
          }
        }
      >
        <img
          alt=""
          aria-hidden={true}
          src="data:image/svg+xml,%3csvg%20xmlns=%27http://www.w3.org/2000/svg%27%20version=%271.1%27%20width=%27280%27%20height=%27280%27/%3e"
          style={
            Object {
              "background": "none",
              "border": 0,
              "display": "block",
              "height": "initial",
              "margin": 0,
              "maxWidth": "100%",
              "opacity": 1,
              "padding": 0,
              "width": "initial",
            }
          }
        />
      </span>
      <img
        alt="Asset-Kuning"
        data-nimg="intrinsic"
        decoding="async"
        src="data:image/gif;base64,R0lGODlhAQABAIAAAAAAAP///yH5BAEAAAAALAAAAAABAAEAAAIBRAA7"
        style={
          Object {
            "border": "none",
            "bottom": 0,
            "boxSizing": "border-box",
            "display": "block",
            "height": 0,
            "left": 0,
            "margin": "auto",
            "maxHeight": "100%",
            "maxWidth": "100%",
            "minHeight": "100%",
            "minWidth": "100%",
            "objectFit": undefined,
            "objectPosition": undefined,
            "padding": 0,
            "position": "absolute",
            "right": 0,
            "top": 0,
            "width": 0,
          }
        }
      />
      <noscript>
        <img
          alt="Asset-Kuning"
          data-nimg="intrinsic"
          decoding="async"
          loading="lazy"
          src="/_next/image?url=%2Fimages%2Fkuning.svg&w=640&q=75"
          srcSet="/_next/image?url=%2Fimages%2Fkuning.svg&w=384&q=75 1x, /_next/image?url=%2Fimages%2Fkuning.svg&w=640&q=75 2x"
          style={
            Object {
              "border": "none",
              "bottom": 0,
              "boxSizing": "border-box",
              "display": "block",
              "height": 0,
              "left": 0,
              "margin": "auto",
              "maxHeight": "100%",
              "maxWidth": "100%",
              "minHeight": "100%",
              "minWidth": "100%",
              "objectFit": undefined,
              "objectPosition": undefined,
              "padding": 0,
              "position": "absolute",
              "right": 0,
              "top": 0,
              "width": 0,
            }
          }
        />
      </noscript>
    </span>
  </div>
  <div
    className="absolute xl:left-[55%] xl:top-[20%] xl:flex lg:left-[53%] lg:top-[17%] lg:flex md:hidden sm:hidden"
  >
    <span
      style={
        Object {
          "background": "none",
          "border": 0,
          "boxSizing": "border-box",
          "display": "inline-block",
          "height": "initial",
          "margin": 0,
          "maxWidth": "100%",
          "opacity": 1,
          "overflow": "hidden",
          "padding": 0,
          "position": "relative",
          "width": "initial",
        }
      }
    >
      <span
        style={
          Object {
            "background": "none",
            "border": 0,
            "boxSizing": "border-box",
            "display": "block",
            "height": "initial",
            "margin": 0,
            "maxWidth": "100%",
            "opacity": 1,
            "padding": 0,
            "width": "initial",
          }
        }
      >
        <img
          alt=""
          aria-hidden={true}
          src="data:image/svg+xml,%3csvg%20xmlns=%27http://www.w3.org/2000/svg%27%20version=%271.1%27%20width=%27120%27%20height=%27120%27/%3e"
          style={
            Object {
              "background": "none",
              "border": 0,
              "display": "block",
              "height": "initial",
              "margin": 0,
              "maxWidth": "100%",
              "opacity": 1,
              "padding": 0,
              "width": "initial",
            }
          }
        />
      </span>
      <img
        alt="Shape-Kuning"
        data-nimg="intrinsic"
        decoding="async"
        src="data:image/gif;base64,R0lGODlhAQABAIAAAAAAAP///yH5BAEAAAAALAAAAAABAAEAAAIBRAA7"
        style={
          Object {
            "border": "none",
            "bottom": 0,
            "boxSizing": "border-box",
            "display": "block",
            "height": 0,
            "left": 0,
            "margin": "auto",
            "maxHeight": "100%",
            "maxWidth": "100%",
            "minHeight": "100%",
            "minWidth": "100%",
            "objectFit": undefined,
            "objectPosition": undefined,
            "padding": 0,
            "position": "absolute",
            "right": 0,
            "top": 0,
            "width": 0,
          }
        }
      />
      <noscript>
        <img
          alt="Shape-Kuning"
          data-nimg="intrinsic"
          decoding="async"
          loading="lazy"
          src="/_next/image?url=%2Fimages%2Fkuning.svg&w=256&q=75"
          srcSet="/_next/image?url=%2Fimages%2Fkuning.svg&w=128&q=75 1x, /_next/image?url=%2Fimages%2Fkuning.svg&w=256&q=75 2x"
          style={
            Object {
              "border": "none",
              "bottom": 0,
              "boxSizing": "border-box",
              "display": "block",
              "height": 0,
              "left": 0,
              "margin": "auto",
              "maxHeight": "100%",
              "maxWidth": "100%",
              "minHeight": "100%",
              "minWidth": "100%",
              "objectFit": undefined,
              "objectPosition": undefined,
              "padding": 0,
              "position": "absolute",
              "right": 0,
              "top": 0,
              "width": 0,
            }
          }
        />
      </noscript>
    </span>
  </div>
  <div
    className="absolute xl:top-[-12%] xl:right-[-40%] xl:flex lg:top-[-32%] lg:right-[-60%] lg:flex md:top-[-12%] md:right-[-93%] md:flex sm:hidden"
  >
    <span
      style={
        Object {
          "background": "none",
          "border": 0,
          "boxSizing": "border-box",
          "display": "inline-block",
          "height": "initial",
          "margin": 0,
          "maxWidth": "100%",
          "opacity": 1,
          "overflow": "hidden",
          "padding": 0,
          "position": "relative",
          "width": "initial",
        }
      }
    >
      <span
        style={
          Object {
            "background": "none",
            "border": 0,
            "boxSizing": "border-box",
            "display": "block",
            "height": "initial",
            "margin": 0,
            "maxWidth": "100%",
            "opacity": 1,
            "padding": 0,
            "width": "initial",
          }
        }
      >
        <img
          alt=""
          aria-hidden={true}
          src="data:image/svg+xml,%3csvg%20xmlns=%27http://www.w3.org/2000/svg%27%20version=%271.1%27%20width=%27964%27%20height=%27964%27/%3e"
          style={
            Object {
              "background": "none",
              "border": 0,
              "display": "block",
              "height": "initial",
              "margin": 0,
              "maxWidth": "100%",
              "opacity": 1,
              "padding": 0,
              "width": "initial",
            }
          }
        />
      </span>
      <img
        alt="Asset-Pink"
        data-nimg="intrinsic"
        decoding="async"
        src="data:image/gif;base64,R0lGODlhAQABAIAAAAAAAP///yH5BAEAAAAALAAAAAABAAEAAAIBRAA7"
        style={
          Object {
            "border": "none",
            "bottom": 0,
            "boxSizing": "border-box",
            "display": "block",
            "height": 0,
            "left": 0,
            "margin": "auto",
            "maxHeight": "100%",
            "maxWidth": "100%",
            "minHeight": "100%",
            "minWidth": "100%",
            "objectFit": undefined,
            "objectPosition": undefined,
            "padding": 0,
            "position": "absolute",
            "right": 0,
            "top": 0,
            "width": 0,
          }
        }
      />
      <noscript>
        <img
          alt="Asset-Pink"
          data-nimg="intrinsic"
          decoding="async"
          loading="lazy"
          src="/_next/image?url=%2Fimages%2Fmerah-muda.svg&w=2048&q=75"
          srcSet="/_next/image?url=%2Fimages%2Fmerah-muda.svg&w=1080&q=75 1x, /_next/image?url=%2Fimages%2Fmerah-muda.svg&w=2048&q=75 2x"
          style={
            Object {
              "border": "none",
              "bottom": 0,
              "boxSizing": "border-box",
              "display": "block",
              "height": 0,
              "left": 0,
              "margin": "auto",
              "maxHeight": "100%",
              "maxWidth": "100%",
              "minHeight": "100%",
              "minWidth": "100%",
              "objectFit": undefined,
              "objectPosition": undefined,
              "padding": 0,
              "position": "absolute",
              "right": 0,
              "top": 0,
              "width": 0,
            }
          }
        />
      </noscript>
    </span>
  </div>
  <div
    className="absolute xl:left-[70%] xl:top-[34%] xl:block lg:left-[70%] lg:top-[34%] lg:flex md:left-[70%] md:top-[40%] md:flex sm:hidden"
  >
    <span
      style={
        Object {
          "background": "none",
          "border": 0,
          "boxSizing": "border-box",
          "display": "inline-block",
          "height": "initial",
          "margin": 0,
          "maxWidth": "100%",
          "opacity": 1,
          "overflow": "hidden",
          "padding": 0,
          "position": "relative",
          "width": "initial",
        }
      }
    >
      <span
        style={
          Object {
            "background": "none",
            "border": 0,
            "boxSizing": "border-box",
            "display": "block",
            "height": "initial",
            "margin": 0,
            "maxWidth": "100%",
            "opacity": 1,
            "padding": 0,
            "width": "initial",
          }
        }
      >
        <img
          alt=""
          aria-hidden={true}
          src="data:image/svg+xml,%3csvg%20xmlns=%27http://www.w3.org/2000/svg%27%20version=%271.1%27%20width=%27458%27%20height=%27308%27/%3e"
          style={
            Object {
              "background": "none",
              "border": 0,
              "display": "block",
              "height": "initial",
              "margin": 0,
              "maxWidth": "100%",
              "opacity": 1,
              "padding": 0,
              "width": "initial",
            }
          }
        />
      </span>
      <img
        alt="Asset-Game"
        data-nimg="intrinsic"
        decoding="async"
        src="data:image/gif;base64,R0lGODlhAQABAIAAAAAAAP///yH5BAEAAAAALAAAAAABAAEAAAIBRAA7"
        style={
          Object {
            "border": "none",
            "bottom": 0,
            "boxSizing": "border-box",
            "display": "block",
            "height": 0,
            "left": 0,
            "margin": "auto",
            "maxHeight": "100%",
            "maxWidth": "100%",
            "minHeight": "100%",
            "minWidth": "100%",
            "objectFit": undefined,
            "objectPosition": undefined,
            "padding": 0,
            "position": "absolute",
            "right": 0,
            "top": 0,
            "width": 0,
          }
        }
      />
      <noscript>
        <img
          alt="Asset-Game"
          data-nimg="intrinsic"
          decoding="async"
          loading="lazy"
          src="/_next/image?url=%2Fimages%2Forang.svg&w=1080&q=75"
          srcSet="/_next/image?url=%2Fimages%2Forang.svg&w=640&q=75 1x, /_next/image?url=%2Fimages%2Forang.svg&w=1080&q=75 2x"
          style={
            Object {
              "border": "none",
              "bottom": 0,
              "boxSizing": "border-box",
              "display": "block",
              "height": 0,
              "left": 0,
              "margin": "auto",
              "maxHeight": "100%",
              "maxWidth": "100%",
              "minHeight": "100%",
              "minWidth": "100%",
              "objectFit": undefined,
              "objectPosition": undefined,
              "padding": 0,
              "position": "absolute",
              "right": 0,
              "top": 0,
              "width": 0,
            }
          }
        />
      </noscript>
    </span>
  </div>
  <div
    className="absolute xl:left-[82%] xl:top-[78%] xl:flex lg:left-[82%] lg:top-[70%] lg:flex md:left-[82%] md:top-[67%] md:flex sm:hidden"
  >
    <span
      style={
        Object {
          "background": "none",
          "border": 0,
          "boxSizing": "border-box",
          "display": "inline-block",
          "height": "initial",
          "margin": 0,
          "maxWidth": "100%",
          "opacity": 1,
          "overflow": "hidden",
          "padding": 0,
          "position": "relative",
          "width": "initial",
        }
      }
    >
      <span
        style={
          Object {
            "background": "none",
            "border": 0,
            "boxSizing": "border-box",
            "display": "block",
            "height": "initial",
            "margin": 0,
            "maxWidth": "100%",
            "opacity": 1,
            "padding": 0,
            "width": "initial",
          }
        }
      >
        <img
          alt=""
          aria-hidden={true}
          src="data:image/svg+xml,%3csvg%20xmlns=%27http://www.w3.org/2000/svg%27%20version=%271.1%27%20width=%2779%27%20height=%2731%27/%3e"
          style={
            Object {
              "background": "none",
              "border": 0,
              "display": "block",
              "height": "initial",
              "margin": 0,
              "maxWidth": "100%",
              "opacity": 1,
              "padding": 0,
              "width": "initial",
            }
          }
        />
      </span>
      <img
        alt="Asset-Batu"
        data-nimg="intrinsic"
        decoding="async"
        src="data:image/gif;base64,R0lGODlhAQABAIAAAAAAAP///yH5BAEAAAAALAAAAAABAAEAAAIBRAA7"
        style={
          Object {
            "border": "none",
            "bottom": 0,
            "boxSizing": "border-box",
            "display": "block",
            "height": 0,
            "left": 0,
            "margin": "auto",
            "maxHeight": "100%",
            "maxWidth": "100%",
            "minHeight": "100%",
            "minWidth": "100%",
            "objectFit": undefined,
            "objectPosition": undefined,
            "padding": 0,
            "position": "absolute",
            "right": 0,
            "top": 0,
            "width": 0,
          }
        }
      />
      <noscript>
        <img
          alt="Asset-Batu"
          data-nimg="intrinsic"
          decoding="async"
          loading="lazy"
          src="/_next/image?url=%2Fimages%2Fbatu.svg&w=256&q=75"
          srcSet="/_next/image?url=%2Fimages%2Fbatu.svg&w=96&q=75 1x, /_next/image?url=%2Fimages%2Fbatu.svg&w=256&q=75 2x"
          style={
            Object {
              "border": "none",
              "bottom": 0,
              "boxSizing": "border-box",
              "display": "block",
              "height": 0,
              "left": 0,
              "margin": "auto",
              "maxHeight": "100%",
              "maxWidth": "100%",
              "minHeight": "100%",
              "minWidth": "100%",
              "objectFit": undefined,
              "objectPosition": undefined,
              "padding": 0,
              "position": "absolute",
              "right": 0,
              "top": 0,
              "width": 0,
            }
          }
        />
      </noscript>
    </span>
  </div>
  <div
    className="flex xl:pt-[4%] lg:pt-[4%] md:pt-[4%]  sm:pt-[4%] items-center overflow-hidden relative"
  >
    <div
      className="w-3/12"
    >
      <span
        style={
          Object {
            "background": "none",
            "border": 0,
            "boxSizing": "border-box",
            "display": "inline-block",
            "height": "initial",
            "margin": 0,
            "maxWidth": "100%",
            "opacity": 1,
            "overflow": "hidden",
            "padding": 0,
            "position": "relative",
            "width": "initial",
          }
        }
      >
        <span
          style={
            Object {
              "background": "none",
              "border": 0,
              "boxSizing": "border-box",
              "display": "block",
              "height": "initial",
              "margin": 0,
              "maxWidth": "100%",
              "opacity": 1,
              "padding": 0,
              "width": "initial",
            }
          }
        >
          <img
            alt=""
            aria-hidden={true}
            src="data:image/svg+xml,%3csvg%20xmlns=%27http://www.w3.org/2000/svg%27%20version=%271.1%27%20width=%27150%27%20height=%2726%27/%3e"
            style={
              Object {
                "background": "none",
                "border": 0,
                "display": "block",
                "height": "initial",
                "margin": 0,
                "maxWidth": "100%",
                "opacity": 1,
                "padding": 0,
                "width": "initial",
              }
            }
          />
        </span>
        <img
          alt="impostor-logo"
          className="cursor-pointer"
          data-nimg="intrinsic"
          decoding="async"
          src="data:image/gif;base64,R0lGODlhAQABAIAAAAAAAP///yH5BAEAAAAALAAAAAABAAEAAAIBRAA7"
          style={
            Object {
              "border": "none",
              "bottom": 0,
              "boxSizing": "border-box",
              "display": "block",
              "height": 0,
              "left": 0,
              "margin": "auto",
              "maxHeight": "100%",
              "maxWidth": "100%",
              "minHeight": "100%",
              "minWidth": "100%",
              "objectFit": undefined,
              "objectPosition": undefined,
              "padding": 0,
              "position": "absolute",
              "right": 0,
              "top": 0,
              "width": 0,
            }
          }
        />
        <noscript>
          <img
            alt="impostor-logo"
            className="cursor-pointer"
            data-nimg="intrinsic"
            decoding="async"
            loading="lazy"
            src="/_next/image?url=%2Fimages%2Flogo-white.png&w=384&q=75"
            srcSet="/_next/image?url=%2Fimages%2Flogo-white.png&w=256&q=75 1x, /_next/image?url=%2Fimages%2Flogo-white.png&w=384&q=75 2x"
            style={
              Object {
                "border": "none",
                "bottom": 0,
                "boxSizing": "border-box",
                "display": "block",
                "height": 0,
                "left": 0,
                "margin": "auto",
                "maxHeight": "100%",
                "maxWidth": "100%",
                "minHeight": "100%",
                "minWidth": "100%",
                "objectFit": undefined,
                "objectPosition": undefined,
                "padding": 0,
                "position": "absolute",
                "right": 0,
                "top": 0,
                "width": 0,
              }
            }
          />
        </noscript>
      </span>
    </div>
    <div
      className="w-6/12"
    >
      <ul
        className="flex xl:-ml-[14%] lg:-ml-[14%] md:ml-[12%] sm:ml-[15%] xl:pb-[8px] lg:pb-[4px] md:pb-[7px] sm:pb-[6px] space-x-16"
      >
        <li>
          <a
            className="text-white text-lg cursor-pointer"
          >
            Home
          </a>
        </li>
        <li>
          <a
            className="text-white text-lg cursor-pointer"
            href="#about"
          >
            About
          </a>
        </li>
      </ul>
    </div>
    <div
      className="xl:w-1/3 lg:w-[40%] md:w-[40%] sm:w-[50%] space-x-5 text-right"
    >
      <button
        className="xl:text-lg xl:py-3 xl:px-10 lg:text-lg lg:py-3 lg:px-8 md:px-6 md:text-md md:py-2.5 sm:px-6 sm:text-sm sm:py-2.5 rounded-2.5xl inline-block bg-white"
        onClick={[Function]}
      >
        Login
      </button>
      <button
        className="xl:text-lg xl:py-3 xl:px-10 lg:text-lg lg:py-3 lg:px-8 md:px-6 md:text-md md:py-2.5 sm:px-6 sm:text-sm sm:py-2.5 rounded-2.5xl inline-block bg-white"
        onClick={[Function]}
      >
        Register
      </button>
    </div>
  </div>
  <div
    className="xl:w-8/12 lg:w-8/12 md:w-[70%] sm:w-[99%] xl:pt-[5%] lg:pt-[4%] md:pt-[10%] sm:pt-[12%] xl:ml-[0] lg:ml-[0] md:ml-[0] sm:ml-[15%]"
  >
    <h1
      className="text-white xl:text-8xl lg:text-7xl md:text-6xl sm:text-5xl font-bold font-body pr-32"
    >
      let's show your talent for game
    </h1>
    <div
      className="xl:ml-[0] lg:ml-[0] md:ml-[0] sm:ml-[20%]"
    >
      <a
        className="xl:text-lg xl:py-3 xl:px-10 lg:text-lg lg:py-3 lg:px-8 md:px-6 md:text-md md:py-2.5 sm:px-6 sm:text-sm sm:py-2.5 rounded-2.5xl inline-block bg-yellow-500  xl:mt-[5%] lg:mt-[5%] md:mt-[5%] sm:mt-[4%] text-white"
      >
        Get Started
      </a>
    </div>
  </div>
</div>
`;
