// Jest Snapshot v1, https://goo.gl/fbAQLP

exports[`AssetPink matches the snapshot 1`] = `
<div
  className="absolute xl:top-[-12%] xl:right-[-40%] xl:flex lg:top-[-32%] lg:right-[-60%] lg:flex md:top-[-12%] md:right-[-93%] md:flex sm:hidden"
>
  <span
    style={
      Object {
        "background": "none",
        "border": 0,
        "boxSizing": "border-box",
        "display": "inline-block",
        "height": "initial",
        "margin": 0,
        "maxWidth": "100%",
        "opacity": 1,
        "overflow": "hidden",
        "padding": 0,
        "position": "relative",
        "width": "initial",
      }
    }
  >
    <span
      style={
        Object {
          "background": "none",
          "border": 0,
          "boxSizing": "border-box",
          "display": "block",
          "height": "initial",
          "margin": 0,
          "maxWidth": "100%",
          "opacity": 1,
          "padding": 0,
          "width": "initial",
        }
      }
    >
      <img
        alt=""
        aria-hidden={true}
        src="data:image/svg+xml,%3csvg%20xmlns=%27http://www.w3.org/2000/svg%27%20version=%271.1%27%20width=%27964%27%20height=%27964%27/%3e"
        style={
          Object {
            "background": "none",
            "border": 0,
            "display": "block",
            "height": "initial",
            "margin": 0,
            "maxWidth": "100%",
            "opacity": 1,
            "padding": 0,
            "width": "initial",
          }
        }
      />
    </span>
    <img
      alt="Asset-Pink"
      data-nimg="intrinsic"
      decoding="async"
      src="data:image/gif;base64,R0lGODlhAQABAIAAAAAAAP///yH5BAEAAAAALAAAAAABAAEAAAIBRAA7"
      style={
        Object {
          "border": "none",
          "bottom": 0,
          "boxSizing": "border-box",
          "display": "block",
          "height": 0,
          "left": 0,
          "margin": "auto",
          "maxHeight": "100%",
          "maxWidth": "100%",
          "minHeight": "100%",
          "minWidth": "100%",
          "objectFit": undefined,
          "objectPosition": undefined,
          "padding": 0,
          "position": "absolute",
          "right": 0,
          "top": 0,
          "width": 0,
        }
      }
    />
    <noscript>
      <img
        alt="Asset-Pink"
        data-nimg="intrinsic"
        decoding="async"
        loading="lazy"
        src="/images/merah-muda.svg"
        srcSet="/images/merah-muda.svg 1x, /images/merah-muda.svg 2x"
        style={
          Object {
            "border": "none",
            "bottom": 0,
            "boxSizing": "border-box",
            "display": "block",
            "height": 0,
            "left": 0,
            "margin": "auto",
            "maxHeight": "100%",
            "maxWidth": "100%",
            "minHeight": "100%",
            "minWidth": "100%",
            "objectFit": undefined,
            "objectPosition": undefined,
            "padding": 0,
            "position": "absolute",
            "right": 0,
            "top": 0,
            "width": 0,
          }
        }
      />
    </noscript>
  </span>
</div>
`;
